Failed frontend command:
/Applications/Xcode.app/Contents/Developer/Toolchains/XcodeDefault.xctoolchain/usr/bin/swift-frontend -frontend -emit-module -experimental-skip-non-inlinable-function-bodies-without-types /Users/hyper/src/Glasstic/Glasstic/GlassticApp.swift /Users/hyper/src/Glasstic/Glasstic/ContentView.swift /Users/hyper/src/Glasstic/Managers/HealthKitManager.swift /Users/hyper/src/Glasstic/Managers/WatchConnectivityManager.swift /Users/hyper/src/Glasstic/Managers/NotificationManager.swift /Users/hyper/src/Glasstic/Managers/GamificationManager.swift /Users/hyper/src/Glasstic/Models/FastingActivityAttributes.swift /Users/hyper/src/Glasstic/Models/FastingPlan.swift /Users/hyper/src/Glasstic/Models/FastingState.swift /Users/hyper/src/Glasstic/Models/FastingZone.swift /Users/hyper/src/Glasstic/Models/UserProfile.swift /Users/hyper/src/Glasstic/Models/Badge.swift /Users/hyper/src/Glasstic/Views/GaugeView.swift /Users/hyper/src/Glasstic/Views/PlanSelectorView.swift /Users/hyper/src/Glasstic/Views/OnboardingView.swift /Users/hyper/src/Glasstic/Views/CalendarView.swift /Users/hyper/src/Glasstic/Views/ProfileView.swift /Users/hyper/src/Glasstic/Managers/AIMessageManager.swift /Users/hyper/src/Glasstic/Views/StartTimeEditorView.swift /Users/hyper/src/Glasstic/Views/FastEditView.swift /Users/hyper/Library/Developer/Xcode/DerivedData/Glasstic-bwfvsfvfstqnmsfwnlkaokokxrxx/Build/Intermediates.noindex/Glasstic.build/Debug-iphonesimulator/Glasstic.build/DerivedSources/GeneratedAssetSymbols.swift -target arm64-apple-ios17.0-simulator -Xllvm -aarch64-use-tbi -enable-objc-interop -sdk /Applications/Xcode.app/Contents/Developer/Platforms/iPhoneSimulator.platform/Developer/SDKs/iPhoneSimulator18.5.sdk -I /Users/hyper/Library/Developer/Xcode/DerivedData/Glasstic-bwfvsfvfstqnmsfwnlkaokokxrxx/Build/Products/Debug-iphonesimulator -F /Users/hyper/Library/Developer/Xcode/DerivedData/Glasstic-bwfvsfvfstqnmsfwnlkaokokxrxx/Build/Products/Debug-iphonesimulator -no-color-diagnostics -enable-testing -g -debug-info-format\=dwarf -dwarf-version\=4 -module-cache-path /Users/hyper/Library/Developer/Xcode/DerivedData/ModuleCache.noindex -swift-version 5 -enforce-exclusivity\=checked -Onone -D DEBUG -serialize-debugging-options -const-gather-protocols-file /Users/hyper/Library/Developer/Xcode/DerivedData/Glasstic-bwfvsfvfstqnmsfwnlkaokokxrxx/Build/Intermediates.noindex/Glasstic.build/Debug-iphonesimulator/Glasstic.build/Objects-normal/arm64/Glasstic_const_extract_protocols.json -enable-upcoming-feature MemberImportVisibility -enable-experimental-feature DebugDescriptionMacro -enable-bare-slash-regex -empty-abi-descriptor -validate-clang-modules-once -clang-build-session-file /Users/hyper/Library/Developer/Xcode/DerivedData/ModuleCache.noindex/Session.modulevalidation -Xcc -working-directory -Xcc /Users/hyper/src/Glasstic -resource-dir /Applications/Xcode.app/Contents/Developer/Toolchains/XcodeDefault.xctoolchain/usr/lib/swift -enable-anonymous-context-mangled-names -file-compilation-dir /Users/hyper/src/Glasstic -Xcc -ivfsstatcache -Xcc /Users/hyper/Library/Developer/Xcode/DerivedData/SDKStatCaches.noindex/iphonesimulator18.5-22F76-d5fc8ad4295d2ef488fb7d0f804ce0c4.sdkstatcache -Xcc -I/Users/hyper/Library/Developer/Xcode/DerivedData/Glasstic-bwfvsfvfstqnmsfwnlkaokokxrxx/Build/Intermediates.noindex/Glasstic.build/Debug-iphonesimulator/Glasstic.build/swift-overrides.hmap -Xcc -iquote -Xcc /Users/hyper/Library/Developer/Xcode/DerivedData/Glasstic-bwfvsfvfstqnmsfwnlkaokokxrxx/Build/Intermediates.noindex/Glasstic.build/Debug-iphonesimulator/Glasstic.build/Glasstic-generated-files.hmap -Xcc -I/Users/hyper/Library/Developer/Xcode/DerivedData/Glasstic-bwfvsfvfstqnmsfwnlkaokokxrxx/Build/Intermediates.noindex/Glasstic.build/Debug-iphonesimulator/Glasstic.build/Glasstic-own-target-headers.hmap -Xcc -I/Users/hyper/Library/Developer/Xcode/DerivedData/Glasstic-bwfvsfvfstqnmsfwnlkaokokxrxx/Build/Intermediates.noindex/Glasstic.build/Debug-iphonesimulator/Glasstic.build/Glasstic-all-target-headers.hmap -Xcc -iquote -Xcc /Users/hyper/Library/Developer/Xcode/DerivedData/Glasstic-bwfvsfvfstqnmsfwnlkaokokxrxx/Build/Intermediates.noindex/Glasstic.build/Debug-iphonesimulator/Glasstic.build/Glasstic-project-headers.hmap -Xcc -I/Users/hyper/Library/Developer/Xcode/DerivedData/Glasstic-bwfvsfvfstqnmsfwnlkaokokxrxx/Build/Products/Debug-iphonesimulator/include -Xcc -I/Users/hyper/Library/Developer/Xcode/DerivedData/Glasstic-bwfvsfvfstqnmsfwnlkaokokxrxx/Build/Intermediates.noindex/Glasstic.build/Debug-iphonesimulator/Glasstic.build/DerivedSources-normal/arm64 -Xcc -I/Users/hyper/Library/Developer/Xcode/DerivedData/Glasstic-bwfvsfvfstqnmsfwnlkaokokxrxx/Build/Intermediates.noindex/Glasstic.build/Debug-iphonesimulator/Glasstic.build/DerivedSources/arm64 -Xcc -I/Users/hyper/Library/Developer/Xcode/DerivedData/Glasstic-bwfvsfvfstqnmsfwnlkaokokxrxx/Build/Intermediates.noindex/Glasstic.build/Debug-iphonesimulator/Glasstic.build/DerivedSources -Xcc -DDEBUG\=1 -module-name Glasstic -frontend-parseable-output -disable-clang-spi -target-sdk-version 18.5 -target-sdk-name iphonesimulator18.5 -external-plugin-path /Applications/Xcode.app/Contents/Developer/Platforms/iPhoneOS.platform/Developer/usr/lib/swift/host/plugins\#/Applications/Xcode.app/Contents/Developer/Platforms/iPhoneOS.platform/Developer/usr/bin/swift-plugin-server -external-plugin-path /Applications/Xcode.app/Contents/Developer/Platforms/iPhoneOS.platform/Developer/usr/local/lib/swift/host/plugins\#/Applications/Xcode.app/Contents/Developer/Platforms/iPhoneOS.platform/Developer/usr/bin/swift-plugin-server -in-process-plugin-server-path /Applications/Xcode.app/Contents/Developer/Toolchains/XcodeDefault.xctoolchain/usr/lib/swift/host/libSwiftInProcPluginServer.dylib -plugin-path /Applications/Xcode.app/Contents/Developer/Toolchains/XcodeDefault.xctoolchain/usr/lib/swift/host/plugins -plugin-path /Applications/Xcode.app/Contents/Developer/Toolchains/XcodeDefault.xctoolchain/usr/local/lib/swift/host/plugins -emit-module-doc-path /Users/hyper/Library/Developer/Xcode/DerivedData/Glasstic-bwfvsfvfstqnmsfwnlkaokokxrxx/Build/Intermediates.noindex/Glasstic.build/Debug-iphonesimulator/Glasstic.build/Objects-normal/arm64/Glasstic.swiftdoc -emit-module-source-info-path /Users/hyper/Library/Developer/Xcode/DerivedData/Glasstic-bwfvsfvfstqnmsfwnlkaokokxrxx/Build/Intermediates.noindex/Glasstic.build/Debug-iphonesimulator/Glasstic.build/Objects-normal/arm64/Glasstic.swiftsourceinfo -emit-objc-header-path /Users/hyper/Library/Developer/Xcode/DerivedData/Glasstic-bwfvsfvfstqnmsfwnlkaokokxrxx/Build/Intermediates.noindex/Glasstic.build/Debug-iphonesimulator/Glasstic.build/Objects-normal/arm64/Glasstic-Swift.h -serialize-diagnostics-path /Users/hyper/Library/Developer/Xcode/DerivedData/Glasstic-bwfvsfvfstqnmsfwnlkaokokxrxx/Build/Intermediates.noindex/Glasstic.build/Debug-iphonesimulator/Glasstic.build/Objects-normal/arm64/Glasstic-master-emit-module.dia -emit-dependencies-path /Users/hyper/Library/Developer/Xcode/DerivedData/Glasstic-bwfvsfvfstqnmsfwnlkaokokxrxx/Build/Intermediates.noindex/Glasstic.build/Debug-iphonesimulator/Glasstic.build/Objects-normal/arm64/Glasstic-master-emit-module.d -o /Users/hyper/Library/Developer/Xcode/DerivedData/Glasstic-bwfvsfvfstqnmsfwnlkaokokxrxx/Build/Intermediates.noindex/Glasstic.build/Debug-iphonesimulator/Glasstic.build/Objects-normal/arm64/Glasstic.swiftmodule -emit-abi-descriptor-path /Users/hyper/Library/Developer/Xcode/DerivedData/Glasstic-bwfvsfvfstqnmsfwnlkaokokxrxx/Build/Intermediates.noindex/Glasstic.build/Debug-iphonesimulator/Glasstic.build/Objects-normal/arm64/Glasstic.abi.json
/Users/hyper/src/Glasstic/Models/Badge.swift:2:1: error: top-level statement cannot begin with a closure expression
{
^
/Users/hyper/src/Glasstic/Models/Badge.swift:10:10: error: 'B' is not a valid digit in integer literal
        2B7CA6682E55258C00F68A95 /* Glasstic.app */ = {isa = PBXFileReference; explicitFileType = wrapper.application; includeInIndex = 0; path = Glasstic.app; sourceTree = BUILT_PRODUCTS_DIR; };
         ^
/Users/hyper/src/Glasstic/Models/Badge.swift:10:53: error: expected expression
        2B7CA6682E55258C00F68A95 /* Glasstic.app */ = {isa = PBXFileReference; explicitFileType = wrapper.application; includeInIndex = 0; path = Glasstic.app; sourceTree = BUILT_PRODUCTS_DIR; };
                                                    ^
/Users/hyper/src/Glasstic/Models/Badge.swift:11:10: error: 'B' is not a valid digit in integer literal
        2B7CA6762E55258D00F68A96 /* GlassticApp.swift */ = {isa = PBXFileReference; lastKnownFileType = sourcecode.swift; path = GlassticApp.swift; sourceTree = "<group>"; };
         ^
/Users/hyper/src/Glasstic/Models/Badge.swift:12:10: error: 'B' is not a valid digit in integer literal
        2B7CA6772E55258D00F68A97 /* ContentView.swift */ = {isa = PBXFileReference; lastKnownFileType = sourcecode.swift; path = ContentView.swift; sourceTree = "<group>"; };
         ^
/Users/hyper/src/Glasstic/Models/Badge.swift:13:10: error: 'B' is not a valid digit in integer literal
        2B7CA6782E55258D00F68A98 /* Assets.xcassets */ = {isa = PBXFileReference; lastKnownFileType = folder.assetcatalog; path = Assets.xcassets; sourceTree = "<group>"; };
         ^
/Users/hyper/src/Glasstic/Models/Badge.swift:14:10: error: 'B' is not a valid digit in integer literal
        2B7CA6792E55258D00F68A99 /* HealthKitManager.swift */ = {isa = PBXFileReference; lastKnownFileType = sourcecode.swift; path = HealthKitManager.swift; sourceTree = "<group>"; };
         ^
/Users/hyper/src/Glasstic/Models/Badge.swift:15:10: error: 'B' is not a valid digit in integer literal
        2B7CA67A2E55258D00F68A9A /* WatchConnectivityManager.swift */ = {isa = PBXFileReference; lastKnownFileType = sourcecode.swift; path = WatchConnectivityManager.swift; sourceTree = "<group>"; };
         ^
/Users/hyper/src/Glasstic/Models/Badge.swift:16:10: error: 'B' is not a valid digit in integer literal
        2B7CA67B2E55258D00F68A9B /* NotificationManager.swift */ = {isa = PBXFileReference; lastKnownFileType = sourcecode.swift; path = NotificationManager.swift; sourceTree = "<group>"; };
         ^
/Users/hyper/src/Glasstic/Models/Badge.swift:17:10: error: 'B' is not a valid digit in integer literal
        2B7CA67C2E55258D00F68A9C /* GamificationManager.swift */ = {isa = PBXFileReference; lastKnownFileType = sourcecode.swift; path = GamificationManager.swift; sourceTree = "<group>"; };
         ^
/Users/hyper/src/Glasstic/Models/Badge.swift:18:10: error: 'B' is not a valid digit in integer literal
        2B7CA67D2E55258D00F68A9D /* FastingActivityAttributes.swift */ = {isa = PBXFileReference; lastKnownFileType = sourcecode.swift; path = FastingActivityAttributes.swift; sourceTree = "<group>"; };
         ^
/Users/hyper/src/Glasstic/Models/Badge.swift:19:10: error: 'B' is not a valid digit in integer literal
        2B7CA67E2E55258D00F68A9E /* FastingPlan.swift */ = {isa = PBXFileReference; lastKnownFileType = sourcecode.swift; path = FastingPlan.swift; sourceTree = "<group>"; };
         ^
/Users/hyper/src/Glasstic/Models/Badge.swift:20:10: error: 'B' is not a valid digit in integer literal
        2B7CA67F2E55258D00F68A9F /* FastingState.swift */ = {isa = PBXFileReference; lastKnownFileType = sourcecode.swift; path = FastingState.swift; sourceTree = "<group>"; };
         ^
/Users/hyper/src/Glasstic/Models/Badge.swift:21:10: error: 'B' is not a valid digit in integer literal
        2B7CA6802E55258D00F68AA0 /* FastingZone.swift */ = {isa = PBXFileReference; lastKnownFileType = sourcecode.swift; path = FastingZone.swift; sourceTree = "<group>"; };
         ^
/Users/hyper/src/Glasstic/Models/Badge.swift:22:10: error: 'B' is not a valid digit in integer literal
        2B7CA6812E55258D00F68AA1 /* UserProfile.swift */ = {isa = PBXFileReference; lastKnownFileType = sourcecode.swift; path = UserProfile.swift; sourceTree = "<group>"; };
         ^
/Users/hyper/src/Glasstic/Models/Badge.swift:23:10: error: 'B' is not a valid digit in integer literal
        2B7CA6822E55258D00F68AA2 /* Badge.swift */ = {isa = PBXFileReference; lastKnownFileType = sourcecode.swift; path = Badge.swift; sourceTree = "<group>"; };
         ^
/Users/hyper/src/Glasstic/Models/Badge.swift:24:10: error: 'B' is not a valid digit in integer literal
        2B7CA6A02E55258D00F68AC0 /* AIMessageManager.swift */ = {isa = PBXFileReference; lastKnownFileType = sourcecode.swift; path = AIMessageManager.swift; sourceTree = "<group>"; };
         ^
/Users/hyper/src/Glasstic/Models/Badge.swift:25:10: error: 'B' is not a valid digit in integer literal
        2B7CA6A12E55258D00F68AC1 /* StartTimeEditorView.swift */ = {isa = PBXFileReference; lastKnownFileType = sourcecode.swift; path = StartTimeEditorView.swift; sourceTree = "<group>"; };
         ^
/Users/hyper/src/Glasstic/Models/Badge.swift:26:10: error: 'B' is not a valid digit in integer literal
        2B7CA6A22E55258D00F68AC2 /* FastEditView.swift */ = {isa = PBXFileReference; lastKnownFileType = sourcecode.swift; path = FastEditView.swift; sourceTree = "<group>"; };
         ^
/Users/hyper/src/Glasstic/Models/Badge.swift:27:10: error: 'B' is not a valid digit in integer literal
        2B7CA6832E55258D00F68AA3 /* GaugeView.swift */ = {isa = PBXFileReference; lastKnownFileType = sourcecode.swift; path = GaugeView.swift; sourceTree = "<group>"; };
         ^
/Users/hyper/src/Glasstic/Models/Badge.swift:28:10: error: 'B' is not a valid digit in integer literal
        2B7CA6842E55258D00F68AA4 /* PlanSelectorView.swift */ = {isa = PBXFileReference; lastKnownFileType = sourcecode.swift; path = PlanSelectorView.swift; sourceTree = "<group>"; };
         ^
/Users/hyper/src/Glasstic/Models/Badge.swift:29:10: error: 'B' is not a valid digit in integer literal
        2B7CA6852E55258D00F68AA5 /* OnboardingView.swift */ = {isa = PBXFileReference; lastKnownFileType = sourcecode.swift; path = OnboardingView.swift; sourceTree = "<group>"; };
         ^
/Users/hyper/src/Glasstic/Models/Badge.swift:30:10: error: 'B' is not a valid digit in integer literal
        2B7CA6862E55258D00F68AA6 /* CalendarView.swift */ = {isa = PBXFileReference; lastKnownFileType = sourcecode.swift; path = CalendarView.swift; sourceTree = "<group>"; };
         ^
/Users/hyper/src/Glasstic/Models/Badge.swift:31:10: error: 'B' is not a valid digit in integer literal
        2B7CA6872E55258D00F68AA7 /* ProfileView.swift */ = {isa = PBXFileReference; lastKnownFileType = sourcecode.swift; path = ProfileView.swift; sourceTree = "<group>"; };
         ^
/Users/hyper/src/Glasstic/Models/Badge.swift:32:10: error: 'B' is not a valid digit in integer literal
        2B7CA69B2E55258D00F68ABB /* HealthKit.framework */ = {isa = PBXFileReference; lastKnownFileType = wrapper.framework; name = HealthKit.framework; path = System/Library/Frameworks/HealthKit.framework; sourceTree = SDKROOT; };
         ^
/Users/hyper/src/Glasstic/Models/Badge.swift:33:10: error: 'B' is not a valid digit in integer literal
        2B7CA69D2E55258D00F68ABD /* WatchConnectivity.framework */ = {isa = PBXFileReference; lastKnownFileType = wrapper.framework; name = WatchConnectivity.framework; path = System/Library/Frameworks/WatchConnectivity.framework; sourceTree = SDKROOT; };
         ^
/Users/hyper/src/Glasstic/Models/Badge.swift:34:10: error: 'B' is not a valid digit in integer literal
        2B7CA69F2E55258D00F68ABF /* ActivityKit.framework */ = {isa = PBXFileReference; lastKnownFileType = wrapper.framework; name = ActivityKit.framework; path = System/Library/Frameworks/ActivityKit.framework; sourceTree = SDKROOT; };
         ^
/Users/hyper/src/Glasstic/Models/Badge.swift:35:10: error: 'B' is not a valid digit in integer literal
        2B7CA6A62E55258D00F68AC6 /* NaturalLanguage.framework */ = {isa = PBXFileReference; lastKnownFileType = wrapper.framework; name = NaturalLanguage.framework; path = System/Library/Frameworks/NaturalLanguage.framework; sourceTree = SDKROOT; };
         ^
/Users/hyper/src/Glasstic/Models/Badge.swift:39:10: error: 'B' is not a valid digit in integer literal
        2B7CA6882E55258D00F68AA8 /* GlassticApp.swift in Sources */ = {isa = PBXBuildFile; fileRef = 2B7CA6762E55258D00F68A96 /* GlassticApp.swift */; };
         ^
/Users/hyper/src/Glasstic/Models/Badge.swift:39:103: error: 'B' is not a valid digit in integer literal
        2B7CA6882E55258D00F68AA8 /* GlassticApp.swift in Sources */ = {isa = PBXBuildFile; fileRef = 2B7CA6762E55258D00F68A96 /* GlassticApp.swift */; };
                                                                                                      ^
/Users/hyper/src/Glasstic/Models/Badge.swift:40:10: error: 'B' is not a valid digit in integer literal
        2B7CA6892E55258D00F68AA9 /* ContentView.swift in Sources */ = {isa = PBXBuildFile; fileRef = 2B7CA6772E55258D00F68A97 /* ContentView.swift */; };
         ^
/Users/hyper/src/Glasstic/Models/Badge.swift:40:103: error: 'B' is not a valid digit in integer literal
        2B7CA6892E55258D00F68AA9 /* ContentView.swift in Sources */ = {isa = PBXBuildFile; fileRef = 2B7CA6772E55258D00F68A97 /* ContentView.swift */; };
                                                                                                      ^
/Users/hyper/src/Glasstic/Models/Badge.swift:41:10: error: 'B' is not a valid digit in integer literal
        2B7CA68A2E55258D00F68AAA /* Assets.xcassets in Resources */ = {isa = PBXBuildFile; fileRef = 2B7CA6782E55258D00F68A98 /* Assets.xcassets */; };
         ^
/Users/hyper/src/Glasstic/Models/Badge.swift:41:103: error: 'B' is not a valid digit in integer literal
        2B7CA68A2E55258D00F68AAA /* Assets.xcassets in Resources */ = {isa = PBXBuildFile; fileRef = 2B7CA6782E55258D00F68A98 /* Assets.xcassets */; };
                                                                                                      ^
/Users/hyper/src/Glasstic/Models/Badge.swift:42:10: error: 'B' is not a valid digit in integer literal
        2B7CA68B2E55258D00F68AAB /* HealthKitManager.swift in Sources */ = {isa = PBXBuildFile; fileRef = 2B7CA6792E55258D00F68A99 /* HealthKitManager.swift */; };
         ^
/Users/hyper/src/Glasstic/Models/Badge.swift:42:108: error: 'B' is not a valid digit in integer literal
        2B7CA68B2E55258D00F68AAB /* HealthKitManager.swift in Sources */ = {isa = PBXBuildFile; fileRef = 2B7CA6792E55258D00F68A99 /* HealthKitManager.swift */; };
                                                                                                           ^
/Users/hyper/src/Glasstic/Models/Badge.swift:43:10: error: 'B' is not a valid digit in integer literal
        2B7CA68C2E55258D00F68AAC /* WatchConnectivityManager.swift in Sources */ = {isa = PBXBuildFile; fileRef = 2B7CA67A2E55258D00F68A9A /* WatchConnectivityManager.swift */; };
         ^
/Users/hyper/src/Glasstic/Models/Badge.swift:43:116: error: 'B' is not a valid digit in integer literal
        2B7CA68C2E55258D00F68AAC /* WatchConnectivityManager.swift in Sources */ = {isa = PBXBuildFile; fileRef = 2B7CA67A2E55258D00F68A9A /* WatchConnectivityManager.swift */; };
                                                                                                                   ^
/Users/hyper/src/Glasstic/Models/Badge.swift:44:10: error: 'B' is not a valid digit in integer literal
        2B7CA68D2E55258D00F68AAD /* NotificationManager.swift in Sources */ = {isa = PBXBuildFile; fileRef = 2B7CA67B2E55258D00F68A9B /* NotificationManager.swift */; };
         ^
/Users/hyper/src/Glasstic/Models/Badge.swift:44:111: error: 'B' is not a valid digit in integer literal
        2B7CA68D2E55258D00F68AAD /* NotificationManager.swift in Sources */ = {isa = PBXBuildFile; fileRef = 2B7CA67B2E55258D00F68A9B /* NotificationManager.swift */; };
                                                                                                              ^
/Users/hyper/src/Glasstic/Models/Badge.swift:45:10: error: 'B' is not a valid digit in integer literal
        2B7CA68E2E55258D00F68AAE /* GamificationManager.swift in Sources */ = {isa = PBXBuildFile; fileRef = 2B7CA67C2E55258D00F68A9C /* GamificationManager.swift */; };
         ^
/Users/hyper/src/Glasstic/Models/Badge.swift:45:111: error: 'B' is not a valid digit in integer literal
        2B7CA68E2E55258D00F68AAE /* GamificationManager.swift in Sources */ = {isa = PBXBuildFile; fileRef = 2B7CA67C2E55258D00F68A9C /* GamificationManager.swift */; };
                                                                                                              ^
/Users/hyper/src/Glasstic/Models/Badge.swift:46:10: error: 'B' is not a valid digit in integer literal
        2B7CA68F2E55258D00F68AAF /* FastingActivityAttributes.swift in Sources */ = {isa = PBXBuildFile; fileRef = 2B7CA67D2E55258D00F68A9D /* FastingActivityAttributes.swift */; };
         ^
/Users/hyper/src/Glasstic/Models/Badge.swift:46:117: error: 'B' is not a valid digit in integer literal
        2B7CA68F2E55258D00F68AAF /* FastingActivityAttributes.swift in Sources */ = {isa = PBXBuildFile; fileRef = 2B7CA67D2E55258D00F68A9D /* FastingActivityAttributes.swift */; };
                                                                                                                    ^
/Users/hyper/src/Glasstic/Models/Badge.swift:47:10: error: 'B' is not a valid digit in integer literal
        2B7CA6902E55258D00F68AB0 /* FastingPlan.swift in Sources */ = {isa = PBXBuildFile; fileRef = 2B7CA67E2E55258D00F68A9E /* FastingPlan.swift */; };
         ^
/Users/hyper/src/Glasstic/Models/Badge.swift:47:103: error: 'B' is not a valid digit in integer literal
        2B7CA6902E55258D00F68AB0 /* FastingPlan.swift in Sources */ = {isa = PBXBuildFile; fileRef = 2B7CA67E2E55258D00F68A9E /* FastingPlan.swift */; };
                                                                                                      ^
/Users/hyper/src/Glasstic/Models/Badge.swift:48:10: error: 'B' is not a valid digit in integer literal
        2B7CA6912E55258D00F68AB1 /* FastingState.swift in Sources */ = {isa = PBXBuildFile; fileRef = 2B7CA67F2E55258D00F68A9F /* FastingState.swift */; };
         ^
/Users/hyper/src/Glasstic/Models/Badge.swift:48:104: error: 'B' is not a valid digit in integer literal
        2B7CA6912E55258D00F68AB1 /* FastingState.swift in Sources */ = {isa = PBXBuildFile; fileRef = 2B7CA67F2E55258D00F68A9F /* FastingState.swift */; };
                                                                                                       ^
/Users/hyper/src/Glasstic/Models/Badge.swift:49:10: error: 'B' is not a valid digit in integer literal
        2B7CA6922E55258D00F68AB2 /* FastingZone.swift in Sources */ = {isa = PBXBuildFile; fileRef = 2B7CA6802E55258D00F68AA0 /* FastingZone.swift */; };
         ^
/Users/hyper/src/Glasstic/Models/Badge.swift:49:103: error: 'B' is not a valid digit in integer literal
        2B7CA6922E55258D00F68AB2 /* FastingZone.swift in Sources */ = {isa = PBXBuildFile; fileRef = 2B7CA6802E55258D00F68AA0 /* FastingZone.swift */; };
                                                                                                      ^
/Users/hyper/src/Glasstic/Models/Badge.swift:50:10: error: 'B' is not a valid digit in integer literal
        2B7CA6932E55258D00F68AB3 /* UserProfile.swift in Sources */ = {isa = PBXBuildFile; fileRef = 2B7CA6812E55258D00F68AA1 /* UserProfile.swift */; };
         ^
/Users/hyper/src/Glasstic/Models/Badge.swift:50:103: error: 'B' is not a valid digit in integer literal
        2B7CA6932E55258D00F68AB3 /* UserProfile.swift in Sources */ = {isa = PBXBuildFile; fileRef = 2B7CA6812E55258D00F68AA1 /* UserProfile.swift */; };
                                                                                                      ^
/Users/hyper/src/Glasstic/Models/Badge.swift:51:10: error: 'B' is not a valid digit in integer literal
        2B7CA6942E55258D00F68AB4 /* Badge.swift in Sources */ = {isa = PBXBuildFile; fileRef = 2B7CA6822E55258D00F68AA2 /* Badge.swift */; };
         ^
/Users/hyper/src/Glasstic/Models/Badge.swift:51:97: error: 'B' is not a valid digit in integer literal
        2B7CA6942E55258D00F68AB4 /* Badge.swift in Sources */ = {isa = PBXBuildFile; fileRef = 2B7CA6822E55258D00F68AA2 /* Badge.swift */; };
                                                                                                ^
/Users/hyper/src/Glasstic/Models/Badge.swift:52:10: error: 'B' is not a valid digit in integer literal
        2B7CA6A32E55258D00F68AC3 /* AIMessageManager.swift in Sources */ = {isa = PBXBuildFile; fileRef = 2B7CA6A02E55258D00F68AC0 /* AIMessageManager.swift */; };
         ^
/Users/hyper/src/Glasstic/Models/Badge.swift:52:108: error: 'B' is not a valid digit in integer literal
        2B7CA6A32E55258D00F68AC3 /* AIMessageManager.swift in Sources */ = {isa = PBXBuildFile; fileRef = 2B7CA6A02E55258D00F68AC0 /* AIMessageManager.swift */; };
                                                                                                           ^
/Users/hyper/src/Glasstic/Models/Badge.swift:53:10: error: 'B' is not a valid digit in integer literal
        2B7CA6A42E55258D00F68AC4 /* StartTimeEditorView.swift in Sources */ = {isa = PBXBuildFile; fileRef = 2B7CA6A12E55258D00F68AC1 /* StartTimeEditorView.swift */; };
         ^
/Users/hyper/src/Glasstic/Models/Badge.swift:53:111: error: 'B' is not a valid digit in integer literal
        2B7CA6A42E55258D00F68AC4 /* StartTimeEditorView.swift in Sources */ = {isa = PBXBuildFile; fileRef = 2B7CA6A12E55258D00F68AC1 /* StartTimeEditorView.swift */; };
                                                                                                              ^
/Users/hyper/src/Glasstic/Models/Badge.swift:54:10: error: 'B' is not a valid digit in integer literal
        2B7CA6A52E55258D00F68AC5 /* FastEditView.swift in Sources */ = {isa = PBXBuildFile; fileRef = 2B7CA6A22E55258D00F68AC2 /* FastEditView.swift */; };
         ^
/Users/hyper/src/Glasstic/Models/Badge.swift:54:104: error: 'B' is not a valid digit in integer literal
        2B7CA6A52E55258D00F68AC5 /* FastEditView.swift in Sources */ = {isa = PBXBuildFile; fileRef = 2B7CA6A22E55258D00F68AC2 /* FastEditView.swift */; };
                                                                                                       ^
/Users/hyper/src/Glasstic/Models/Badge.swift:55:10: error: 'B' is not a valid digit in integer literal
        2B7CA6952E55258D00F68AB5 /* GaugeView.swift in Sources */ = {isa = PBXBuildFile; fileRef = 2B7CA6832E55258D00F68AA3 /* GaugeView.swift */; };
         ^
/Users/hyper/src/Glasstic/Models/Badge.swift:55:101: error: 'B' is not a valid digit in integer literal
        2B7CA6952E55258D00F68AB5 /* GaugeView.swift in Sources */ = {isa = PBXBuildFile; fileRef = 2B7CA6832E55258D00F68AA3 /* GaugeView.swift */; };
                                                                                                    ^
/Users/hyper/src/Glasstic/Models/Badge.swift:56:10: error: 'B' is not a valid digit in integer literal
        2B7CA6962E55258D00F68AB6 /* PlanSelectorView.swift in Sources */ = {isa = PBXBuildFile; fileRef = 2B7CA6842E55258D00F68AA4 /* PlanSelectorView.swift */; };
         ^
/Users/hyper/src/Glasstic/Models/Badge.swift:56:108: error: 'B' is not a valid digit in integer literal
        2B7CA6962E55258D00F68AB6 /* PlanSelectorView.swift in Sources */ = {isa = PBXBuildFile; fileRef = 2B7CA6842E55258D00F68AA4 /* PlanSelectorView.swift */; };
                                                                                                           ^
/Users/hyper/src/Glasstic/Models/Badge.swift:57:10: error: 'B' is not a valid digit in integer literal
        2B7CA6972E55258D00F68AB7 /* OnboardingView.swift in Sources */ = {isa = PBXBuildFile; fileRef = 2B7CA6852E55258D00F68AA5 /* OnboardingView.swift */; };
         ^
/Users/hyper/src/Glasstic/Models/Badge.swift:57:106: error: 'B' is not a valid digit in integer literal
        2B7CA6972E55258D00F68AB7 /* OnboardingView.swift in Sources */ = {isa = PBXBuildFile; fileRef = 2B7CA6852E55258D00F68AA5 /* OnboardingView.swift */; };
                                                                                                         ^
/Users/hyper/src/Glasstic/Models/Badge.swift:58:10: error: 'B' is not a valid digit in integer literal
        2B7CA6982E55258D00F68AB8 /* CalendarView.swift in Sources */ = {isa = PBXBuildFile; fileRef = 2B7CA6862E55258D00F68AA6 /* CalendarView.swift */; };
         ^
/Users/hyper/src/Glasstic/Models/Badge.swift:58:104: error: 'B' is not a valid digit in integer literal
        2B7CA6982E55258D00F68AB8 /* CalendarView.swift in Sources */ = {isa = PBXBuildFile; fileRef = 2B7CA6862E55258D00F68AA6 /* CalendarView.swift */; };
                                                                                                       ^
/Users/hyper/src/Glasstic/Models/Badge.swift:59:10: error: 'B' is not a valid digit in integer literal
        2B7CA6992E55258D00F68AB9 /* ProfileView.swift in Sources */ = {isa = PBXBuildFile; fileRef = 2B7CA6872E55258D00F68AA7 /* ProfileView.swift */; };
         ^
/Users/hyper/src/Glasstic/Models/Badge.swift:59:103: error: 'B' is not a valid digit in integer literal
        2B7CA6992E55258D00F68AB9 /* ProfileView.swift in Sources */ = {isa = PBXBuildFile; fileRef = 2B7CA6872E55258D00F68AA7 /* ProfileView.swift */; };
                                                                                                      ^
/Users/hyper/src/Glasstic/Models/Badge.swift:60:10: error: 'B' is not a valid digit in integer literal
        2B7CA69A2E55258D00F68ABA /* HealthKit.framework in Frameworks */ = {isa = PBXBuildFile; fileRef = 2B7CA69B2E55258D00F68ABB /* HealthKit.framework */; };
         ^
/Users/hyper/src/Glasstic/Models/Badge.swift:60:108: error: 'B' is not a valid digit in integer literal
        2B7CA69A2E55258D00F68ABA /* HealthKit.framework in Frameworks */ = {isa = PBXBuildFile; fileRef = 2B7CA69B2E55258D00F68ABB /* HealthKit.framework */; };
                                                                                                           ^
/Users/hyper/src/Glasstic/Models/Badge.swift:61:10: error: 'B' is not a valid digit in integer literal
        2B7CA69C2E55258D00F68ABC /* WatchConnectivity.framework in Frameworks */ = {isa = PBXBuildFile; fileRef = 2B7CA69D2E55258D00F68ABD /* WatchConnectivity.framework */; };
         ^
/Users/hyper/src/Glasstic/Models/Badge.swift:61:116: error: 'B' is not a valid digit in integer literal
        2B7CA69C2E55258D00F68ABC /* WatchConnectivity.framework in Frameworks */ = {isa = PBXBuildFile; fileRef = 2B7CA69D2E55258D00F68ABD /* WatchConnectivity.framework */; };
                                                                                                                   ^
/Users/hyper/src/Glasstic/Models/Badge.swift:62:10: error: 'B' is not a valid digit in integer literal
        2B7CA69E2E55258D00F68ABE /* ActivityKit.framework in Frameworks */ = {isa = PBXBuildFile; fileRef = 2B7CA69F2E55258D00F68ABF /* ActivityKit.framework */; };
         ^
/Users/hyper/src/Glasstic/Models/Badge.swift:62:110: error: 'B' is not a valid digit in integer literal
        2B7CA69E2E55258D00F68ABE /* ActivityKit.framework in Frameworks */ = {isa = PBXBuildFile; fileRef = 2B7CA69F2E55258D00F68ABF /* ActivityKit.framework */; };
                                                                                                             ^
/Users/hyper/src/Glasstic/Models/Badge.swift:63:10: error: 'B' is not a valid digit in integer literal
        2B7CA6A72E55258D00F68AC7 /* NaturalLanguage.framework in Frameworks */ = {isa = PBXBuildFile; fileRef = 2B7CA6A62E55258D00F68AC6 /* NaturalLanguage.framework */; };
         ^
/Users/hyper/src/Glasstic/Models/Badge.swift:63:114: error: 'B' is not a valid digit in integer literal
        2B7CA6A72E55258D00F68AC7 /* NaturalLanguage.framework in Frameworks */ = {isa = PBXBuildFile; fileRef = 2B7CA6A62E55258D00F68AC6 /* NaturalLanguage.framework */; };
                                                                                                                 ^
/Users/hyper/src/Glasstic/Models/Badge.swift:67:10: error: 'B' is not a valid digit in integer literal
        2B7CA6652E55258C00F68A95 /* Frameworks */ = {
         ^
/Users/hyper/src/Glasstic/Models/Badge.swift:71:18: error: 'B' is not a valid digit in integer literal
                2B7CA69A2E55258D00F68ABA /* HealthKit.framework in Frameworks */,
                 ^
/Users/hyper/src/Glasstic/Models/Badge.swift:72:18: error: 'B' is not a valid digit in integer literal
                2B7CA69C2E55258D00F68ABC /* WatchConnectivity.framework in Frameworks */,
                 ^
/Users/hyper/src/Glasstic/Models/Badge.swift:73:18: error: 'B' is not a valid digit in integer literal
                2B7CA69E2E55258D00F68ABE /* ActivityKit.framework in Frameworks */,
                 ^
/Users/hyper/src/Glasstic/Models/Badge.swift:74:18: error: 'B' is not a valid digit in integer literal
                2B7CA6A72E55258D00F68AC7 /* NaturalLanguage.framework in Frameworks */,
                 ^
/Users/hyper/src/Glasstic/Models/Badge.swift:81:10: error: 'B' is not a valid digit in integer literal
        2B7CA65F2E55258C00F68A95 = {
         ^
/Users/hyper/src/Glasstic/Models/Badge.swift:84:18: error: 'B' is not a valid digit in integer literal
                2B7CA66A2E55258C00F68A95 /* Glasstic */,
                 ^
/Users/hyper/src/Glasstic/Models/Badge.swift:85:18: error: 'B' is not a valid digit in integer literal
                2B7CA6A82E55258D00F68AC8 /* Managers */,
                 ^
/Users/hyper/src/Glasstic/Models/Badge.swift:86:18: error: 'B' is not a valid digit in integer literal
                2B7CA6A92E55258D00F68AC9 /* Models */,
                 ^
/Users/hyper/src/Glasstic/Models/Badge.swift:87:18: error: 'B' is not a valid digit in integer literal
                2B7CA6AA2E55258D00F68ACA /* Views */,
                 ^
/Users/hyper/src/Glasstic/Models/Badge.swift:88:18: error: 'B' is not a valid digit in integer literal
                2B7CA6AB2E55258D00F68ACB /* Frameworks */,
                 ^
/Users/hyper/src/Glasstic/Models/Badge.swift:89:18: error: 'B' is not a valid digit in integer literal
                2B7CA6692E55258C00F68A95 /* Products */,
                 ^
/Users/hyper/src/Glasstic/Models/Badge.swift:93:10: error: 'B' is not a valid digit in integer literal
        2B7CA66A2E55258C00F68A95 /* Glasstic */ = {
         ^
/Users/hyper/src/Glasstic/Models/Badge.swift:96:18: error: 'B' is not a valid digit in integer literal
                2B7CA6762E55258D00F68A96 /* GlassticApp.swift */,
                 ^
/Users/hyper/src/Glasstic/Models/Badge.swift:97:18: error: 'B' is not a valid digit in integer literal
                2B7CA6772E55258D00F68A97 /* ContentView.swift */,
                 ^
/Users/hyper/src/Glasstic/Models/Badge.swift:98:18: error: 'B' is not a valid digit in integer literal
                2B7CA6782E55258D00F68A98 /* Assets.xcassets */,
                 ^
/Users/hyper/src/Glasstic/Models/Badge.swift:103:10: error: 'B' is not a valid digit in integer literal
        2B7CA6692E55258C00F68A95 /* Products */ = {
         ^
/Users/hyper/src/Glasstic/Models/Badge.swift:106:18: error: 'B' is not a valid digit in integer literal
                2B7CA6682E55258C00F68A95 /* Glasstic.app */,
                 ^
/Users/hyper/src/Glasstic/Models/Badge.swift:111:10: error: 'B' is not a valid digit in integer literal
        2B7CA6A82E55258D00F68AC8 /* Managers */ = {
         ^
/Users/hyper/src/Glasstic/Models/Badge.swift:114:18: error: 'B' is not a valid digit in integer literal
                2B7CA6792E55258D00F68A99 /* HealthKitManager.swift */,
                 ^
/Users/hyper/src/Glasstic/Models/Badge.swift:115:18: error: 'B' is not a valid digit in integer literal
                2B7CA67A2E55258D00F68A9A /* WatchConnectivityManager.swift */,
                 ^
/Users/hyper/src/Glasstic/Models/Badge.swift:116:18: error: 'B' is not a valid digit in integer literal
                2B7CA67B2E55258D00F68A9B /* NotificationManager.swift */,
                 ^
/Users/hyper/src/Glasstic/Models/Badge.swift:117:18: error: 'B' is not a valid digit in integer literal
                2B7CA67C2E55258D00F68A9C /* GamificationManager.swift */,
                 ^
/Users/hyper/src/Glasstic/Models/Badge.swift:118:18: error: 'B' is not a valid digit in integer literal
                2B7CA6A02E55258D00F68AC0 /* AIMessageManager.swift */,
                 ^
/Users/hyper/src/Glasstic/Models/Badge.swift:123:10: error: 'B' is not a valid digit in integer literal
        2B7CA6A92E55258D00F68AC9 /* Models */ = {
         ^
/Users/hyper/src/Glasstic/Models/Badge.swift:126:18: error: 'B' is not a valid digit in integer literal
                2B7CA67D2E55258D00F68A9D /* FastingActivityAttributes.swift */,
                 ^
/Users/hyper/src/Glasstic/Models/Badge.swift:127:18: error: 'B' is not a valid digit in integer literal
                2B7CA67E2E55258D00F68A9E /* FastingPlan.swift */,
                 ^
/Users/hyper/src/Glasstic/Models/Badge.swift:128:18: error: 'B' is not a valid digit in integer literal
                2B7CA67F2E55258D00F68A9F /* FastingState.swift */,
                 ^
/Users/hyper/src/Glasstic/Models/Badge.swift:129:18: error: 'B' is not a valid digit in integer literal
                2B7CA6802E55258D00F68AA0 /* FastingZone.swift */,
                 ^
/Users/hyper/src/Glasstic/Models/Badge.swift:130:18: error: 'B' is not a valid digit in integer literal
                2B7CA6812E55258D00F68AA1 /* UserProfile.swift */,
                 ^
/Users/hyper/src/Glasstic/Models/Badge.swift:131:18: error: 'B' is not a valid digit in integer literal
                2B7CA6822E55258D00F68AA2 /* Badge.swift */,
                 ^
/Users/hyper/src/Glasstic/Models/Badge.swift:136:10: error: 'B' is not a valid digit in integer literal
        2B7CA6AA2E55258D00F68ACA /* Views */ = {
         ^
/Users/hyper/src/Glasstic/Models/Badge.swift:139:18: error: 'B' is not a valid digit in integer literal
                2B7CA6832E55258D00F68AA3 /* GaugeView.swift */,
                 ^
/Users/hyper/src/Glasstic/Models/Badge.swift:140:18: error: 'B' is not a valid digit in integer literal
                2B7CA6842E55258D00F68AA4 /* PlanSelectorView.swift */,
                 ^
/Users/hyper/src/Glasstic/Models/Badge.swift:141:18: error: 'B' is not a valid digit in integer literal
                2B7CA6852E55258D00F68AA5 /* OnboardingView.swift */,
                 ^
/Users/hyper/src/Glasstic/Models/Badge.swift:142:18: error: 'B' is not a valid digit in integer literal
                2B7CA6862E55258D00F68AA6 /* CalendarView.swift */,
                 ^
/Users/hyper/src/Glasstic/Models/Badge.swift:143:18: error: 'B' is not a valid digit in integer literal
                2B7CA6872E55258D00F68AA7 /* ProfileView.swift */,
                 ^
/Users/hyper/src/Glasstic/Models/Badge.swift:144:18: error: 'B' is not a valid digit in integer literal
                2B7CA6A12E55258D00F68AC1 /* StartTimeEditorView.swift */,
                 ^
/Users/hyper/src/Glasstic/Models/Badge.swift:145:18: error: 'B' is not a valid digit in integer literal
                2B7CA6A22E55258D00F68AC2 /* FastEditView.swift */,
                 ^
/Users/hyper/src/Glasstic/Models/Badge.swift:150:10: error: 'B' is not a valid digit in integer literal
        2B7CA6AB2E55258D00F68ACB /* Frameworks */ = {
         ^
/Users/hyper/src/Glasstic/Models/Badge.swift:153:18: error: 'B' is not a valid digit in integer literal
                2B7CA69B2E55258D00F68ABB /* HealthKit.framework */,
                 ^
/Users/hyper/src/Glasstic/Models/Badge.swift:154:18: error: 'B' is not a valid digit in integer literal
                2B7CA69D2E55258D00F68ABD /* WatchConnectivity.framework */,
                 ^
/Users/hyper/src/Glasstic/Models/Badge.swift:155:18: error: 'B' is not a valid digit in integer literal
                2B7CA69F2E55258D00F68ABF /* ActivityKit.framework */,
                 ^
/Users/hyper/src/Glasstic/Models/Badge.swift:156:18: error: 'B' is not a valid digit in integer literal
                2B7CA6A62E55258D00F68AC6 /* NaturalLanguage.framework */,
                 ^
/Users/hyper/src/Glasstic/Models/Badge.swift:164:10: error: 'B' is not a valid digit in integer literal
        2B7CA6672E55258C00F68A95 /* Glasstic */ = {
         ^
/Users/hyper/src/Glasstic/Models/Badge.swift:166:39: error: 'B' is not a valid digit in integer literal
            buildConfigurationList = 2B7CA6732E55258D00F68A95 /* Build configuration list for PBXNativeTarget "Glasstic" */;
                                      ^
/Users/hyper/src/Glasstic/Models/Badge.swift:168:18: error: 'B' is not a valid digit in integer literal
                2B7CA6642E55258C00F68A95 /* Sources */,
                 ^
/Users/hyper/src/Glasstic/Models/Badge.swift:169:18: error: 'B' is not a valid digit in integer literal
                2B7CA6652E55258C00F68A95 /* Frameworks */,
                 ^
/Users/hyper/src/Glasstic/Models/Badge.swift:170:18: error: 'B' is not a valid digit in integer literal
                2B7CA6662E55258C00F68A95 /* Resources */,
                 ^
/Users/hyper/src/Glasstic/Models/Badge.swift:180:33: error: 'B' is not a valid digit in integer literal
            productReference = 2B7CA6682E55258C00F68A95 /* Glasstic.app */;
                                ^
/Users/hyper/src/Glasstic/Models/Badge.swift:186:10: error: 'B' is not a valid digit in integer literal
        2B7CA6602E55258C00F68A95 /* Project object */ = {
         ^
/Users/hyper/src/Glasstic/Models/Badge.swift:193:22: error: 'B' is not a valid digit in integer literal
                    2B7CA6672E55258C00F68A95 = {
                     ^
/Users/hyper/src/Glasstic/Models/Badge.swift:198:39: error: 'B' is not a valid digit in integer literal
            buildConfigurationList = 2B7CA6632E55258C00F68A95 /* Build configuration list for PBXProject "Glasstic" */;
                                      ^
/Users/hyper/src/Glasstic/Models/Badge.swift:205:26: error: 'B' is not a valid digit in integer literal
            mainGroup = 2B7CA65F2E55258C00F68A95;
                         ^
/Users/hyper/src/Glasstic/Models/Badge.swift:208:32: error: 'B' is not a valid digit in integer literal
            productRefGroup = 2B7CA6692E55258C00F68A95 /* Products */;
                               ^
/Users/hyper/src/Glasstic/Models/Badge.swift:212:18: error: 'B' is not a valid digit in integer literal
                2B7CA6672E55258C00F68A95 /* Glasstic */,
                 ^
/Users/hyper/src/Glasstic/Models/Badge.swift:218:10: error: 'B' is not a valid digit in integer literal
        2B7CA6662E55258C00F68A95 /* Resources */ = {
         ^
/Users/hyper/src/Glasstic/Models/Badge.swift:222:18: error: 'B' is not a valid digit in integer literal
                2B7CA68A2E55258D00F68AAA /* Assets.xcassets in Resources */,
                 ^
/Users/hyper/src/Glasstic/Models/Badge.swift:229:10: error: 'B' is not a valid digit in integer literal
        2B7CA6642E55258C00F68A95 /* Sources */ = {
         ^
/Users/hyper/src/Glasstic/Models/Badge.swift:233:18: error: 'B' is not a valid digit in integer literal
                2B7CA6882E55258D00F68AA8 /* GlassticApp.swift in Sources */,
                 ^
/Users/hyper/src/Glasstic/Models/Badge.swift:234:18: error: 'B' is not a valid digit in integer literal
                2B7CA6892E55258D00F68AA9 /* ContentView.swift in Sources */,
                 ^
/Users/hyper/src/Glasstic/Models/Badge.swift:235:18: error: 'B' is not a valid digit in integer literal
                2B7CA68B2E55258D00F68AAB /* HealthKitManager.swift in Sources */,
                 ^
/Users/hyper/src/Glasstic/Models/Badge.swift:236:18: error: 'B' is not a valid digit in integer literal
                2B7CA68C2E55258D00F68AAC /* WatchConnectivityManager.swift in Sources */,
                 ^
/Users/hyper/src/Glasstic/Models/Badge.swift:237:18: error: 'B' is not a valid digit in integer literal
                2B7CA68D2E55258D00F68AAD /* NotificationManager.swift in Sources */,
                 ^
/Users/hyper/src/Glasstic/Models/Badge.swift:238:18: error: 'B' is not a valid digit in integer literal
                2B7CA68E2E55258D00F68AAE /* GamificationManager.swift in Sources */,
                 ^
/Users/hyper/src/Glasstic/Models/Badge.swift:239:18: error: 'B' is not a valid digit in integer literal
                2B7CA68F2E55258D00F68AAF /* FastingActivityAttributes.swift in Sources */,
                 ^
/Users/hyper/src/Glasstic/Models/Badge.swift:240:18: error: 'B' is not a valid digit in integer literal
                2B7CA6902E55258D00F68AB0 /* FastingPlan.swift in Sources */,
                 ^
/Users/hyper/src/Glasstic/Models/Badge.swift:241:18: error: 'B' is not a valid digit in integer literal
                2B7CA6912E55258D00F68AB1 /* FastingState.swift in Sources */,
                 ^
/Users/hyper/src/Glasstic/Models/Badge.swift:242:18: error: 'B' is not a valid digit in integer literal
                2B7CA6922E55258D00F68AB2 /* FastingZone.swift in Sources */,
                 ^
/Users/hyper/src/Glasstic/Models/Badge.swift:243:18: error: 'B' is not a valid digit in integer literal
                2B7CA6932E55258D00F68AB3 /* UserProfile.swift in Sources */,
                 ^
/Users/hyper/src/Glasstic/Models/Badge.swift:244:18: error: 'B' is not a valid digit in integer literal
                2B7CA6942E55258D00F68AB4 /* Badge.swift in Sources */,
                 ^
/Users/hyper/src/Glasstic/Models/Badge.swift:245:18: error: 'B' is not a valid digit in integer literal
                2B7CA6952E55258D00F68AB5 /* GaugeView.swift in Sources */,
                 ^
/Users/hyper/src/Glasstic/Models/Badge.swift:246:18: error: 'B' is not a valid digit in integer literal
                2B7CA6962E55258D00F68AB6 /* PlanSelectorView.swift in Sources */,
                 ^
/Users/hyper/src/Glasstic/Models/Badge.swift:247:18: error: 'B' is not a valid digit in integer literal
                2B7CA6972E55258D00F68AB7 /* OnboardingView.swift in Sources */,
                 ^
/Users/hyper/src/Glasstic/Models/Badge.swift:248:18: error: 'B' is not a valid digit in integer literal
                2B7CA6982E55258D00F68AB8 /* CalendarView.swift in Sources */,
                 ^
/Users/hyper/src/Glasstic/Models/Badge.swift:249:18: error: 'B' is not a valid digit in integer literal
                2B7CA6992E55258D00F68AB9 /* ProfileView.swift in Sources */,
                 ^
/Users/hyper/src/Glasstic/Models/Badge.swift:250:18: error: 'B' is not a valid digit in integer literal
                2B7CA6A32E55258D00F68AC3 /* AIMessageManager.swift in Sources */,
                 ^
/Users/hyper/src/Glasstic/Models/Badge.swift:251:18: error: 'B' is not a valid digit in integer literal
                2B7CA6A42E55258D00F68AC4 /* StartTimeEditorView.swift in Sources */,
                 ^
/Users/hyper/src/Glasstic/Models/Badge.swift:252:18: error: 'B' is not a valid digit in integer literal
                2B7CA6A52E55258D00F68AC5 /* FastEditView.swift in Sources */,
                 ^
/Users/hyper/src/Glasstic/Models/Badge.swift:259:10: error: 'B' is not a valid digit in integer literal
        2B7CA6712E55258D00F68A95 /* Debug */ = {
         ^
/Users/hyper/src/Glasstic/Models/Badge.swift:322:10: error: 'B' is not a valid digit in integer literal
        2B7CA6722E55258D00F68A95 /* Release */ = {
         ^
/Users/hyper/src/Glasstic/Models/Badge.swift:378:10: error: 'B' is not a valid digit in integer literal
        2B7CA6742E55258D00F68A95 /* Debug */ = {
         ^
/Users/hyper/src/Glasstic/Models/Badge.swift:415:10: error: 'B' is not a valid digit in integer literal
        2B7CA6752E55258D00F68A95 /* Release */ = {
         ^
/Users/hyper/src/Glasstic/Models/Badge.swift:453:10: error: 'B' is not a valid digit in integer literal
        2B7CA6632E55258C00F68A95 /* Build configuration list for PBXProject "Glasstic" */ = {
         ^
/Users/hyper/src/Glasstic/Models/Badge.swift:456:18: error: 'B' is not a valid digit in integer literal
                2B7CA6712E55258D00F68A95 /* Debug */,
                 ^
/Users/hyper/src/Glasstic/Models/Badge.swift:457:18: error: 'B' is not a valid digit in integer literal
                2B7CA6722E55258D00F68A95 /* Release */,
                 ^
/Users/hyper/src/Glasstic/Models/Badge.swift:462:10: error: 'B' is not a valid digit in integer literal
        2B7CA6732E55258D00F68A95 /* Build configuration list for PBXNativeTarget "Glasstic" */ = {
         ^
/Users/hyper/src/Glasstic/Models/Badge.swift:465:18: error: 'B' is not a valid digit in integer literal
                2B7CA6742E55258D00F68A95 /* Debug */,
                 ^
/Users/hyper/src/Glasstic/Models/Badge.swift:466:18: error: 'B' is not a valid digit in integer literal
                2B7CA6752E55258D00F68A95 /* Release */,
                 ^
/Users/hyper/src/Glasstic/Models/Badge.swift:473:19: error: 'B' is not a valid digit in integer literal
    rootObject = 2B7CA6602E55258C00F68A95 /* Project object */;
                  ^
/Users/hyper/src/Glasstic/Models/Badge.swift:2:1: error: expressions are not allowed at the top level
{
^
/Users/hyper/src/Glasstic/Glasstic/ContentView.swift:172:45: error: cannot find 'ThemeManager' in scope
    @StateObject private var themeManager = ThemeManager.shared
                                            ^~~~~~~~~~~~
/Users/hyper/src/Glasstic/Models/Badge.swift:3:5: error: cannot find 'archiveVersion' in scope
    archiveVersion = 1;
    ^~~~~~~~~~~~~~
/Users/hyper/src/Glasstic/Models/Badge.swift:4:5: error: cannot find 'classes' in scope
    classes = {
    ^~~~~~~
/Users/hyper/src/Glasstic/Models/Badge.swift:6:5: error: cannot find 'objectVersion' in scope
    objectVersion = 77;
    ^~~~~~~~~~~~~
/Users/hyper/src/Glasstic/Models/Badge.swift:7:5: error: cannot find 'objects' in scope
    objects = {
    ^~~~~~~
/Users/hyper/src/Glasstic/Models/Badge.swift:2:1: error: closure expression is unused
{
^
/Users/hyper/src/Glasstic/Models/Badge.swift:2:1: note: did you mean to use a 'do' statement?
{
^
do 
/Users/hyper/src/Glasstic/Views/ProfileView.swift:5:39: error: cannot find type 'Badge' in scope
    @State private var selectedBadge: Badge? = nil
                                      ^~~~~
/Users/hyper/src/Glasstic/Views/ProfileView.swift:77:35: error: cannot find type 'Badge' in scope
    private func badgeCell(badge: Badge) -> some View {
                                  ^~~~~
/Users/hyper/src/Glasstic/Views/ProfileView.swift:116:16: error: cannot find type 'Badge' in scope
    let badge: Badge
               ^~~~~
Command SwiftCompile failed with a nonzero exit code
note: Removed stale file '/Users/hyper/Library/Developer/Xcode/DerivedData/Glasstic-bwfvsfvfstqnmsfwnlkaokokxrxx/Build/Intermediates.noindex/Glasstic.build/Debug-iphonesimulator/Glasstic.build/Objects-normal/arm64/Glasstic-linker-args.resp'

